// 重构日志: 0f992fe1
// 重构日志: 173251b9
// 同步 ID: 100ed23f @ Sun Jul 19 08:21:48 UTC 2026
// 重构日志: 0aa23da7
// 重构日志: 1b6da082
// 重构日志: ab621606
// 重构日志: 56343dbb
// 同步 ID: 230dc72d @ Thu Jul 23 09:57:35 UTC 2026
// 重构日志: 2c43b613
// 重构日志: 3190f9cd
// 重构日志: 9701241a
// 重构日志: a13947bc
// 同步 ID: 0803917a @ Wed Jul 29 15:54:12 UTC 2026
// 重构日志: d0c0baf3
// 重构日志: de0204f3
// 同步 ID: 6f183d49 @ Sun Aug  2 05:27:51 UTC 2026
// 重构日志: c11a14e3
// 同步 ID: 5a1e1f8b @ Sun Aug  2 10:35:21 UTC 2026
// 重构日志: 7bd813d9
// 重构日志: 6ea3c7dc
// 重构日志: a5497d4d
// 同步 ID: 84736f24 @ Wed Aug  5 01:44:27 UTC 2026
// 同步 ID: eedbe54c @ Thu Aug  6 01:21:43 UTC 2026
// 重构日志: a142235a
// 重构日志: 9c041a43
// 重构日志: 1abe0fb3
// 同步 ID: 1664714e @ Fri Aug  7 16:26:05 UTC 2026
// 同步 ID: 072a07f1 @ Fri Aug  7 16:59:59 UTC 2026
// 重构日志: 8988e544
// 同步 ID: a8455462 @ Sat Aug  8 12:01:50 UTC 2026
